// Jest Snapshot v1, https://goo.gl/fbAQLP

exports[`<PasswordField /> matches the previous snapshot 1`] = `
<div
  class="MuiInput-root-5 PasswordField-root-1 MuiInput-underline-9"
>
  <input
    class="MuiInput-input-13 PasswordField-input-2 MuiInput-inputType-16"
    type="password"
  />
  <div
    class="MuiInputAdornment-root-18 MuiInputAdornment-positionEnd-20"
  >
    <button
      class="MuiButtonBase-root-27 MuiIconButton-root-21 PasswordField-iconButton-3"
      tabindex="0"
      type="button"
    >
      <span
        class="MuiIconButton-label-26"
      >
        <div
          class="ToggleIcon-root-30 PasswordField-icon-4"
        >
          <svg
            aria-hidden="true"
            class="MuiSvgIcon-root-33 ToggleIcon-offIcon-31"
            focusable="false"
            style="-webkit-clip-path:polygon(0% 200%, 0% 0%, 200% 0%);clip-path:polygon(0% 200%, 0% 0%, 200% 0%);visibility:visible"
            viewBox="0 0 24 24"
          >
            <g>
              <path
                d="M12 7c2.76 0 5 2.24 5 5 0 .65-.13 1.26-.36 1.83l2.92 2.92c1.51-1.26 2.7-2.89 3.43-4.75-1.73-4.39-6-7.5-11-7.5-1.4 0-2.74.25-3.98.7l2.16 2.16C10.74 7.13 11.35 7 12 7zM2 4.27l2.28 2.28.46.46C3.08 8.3 1.78 10.02 1 12c1.73 4.39 6 7.5 11 7.5 1.55 0 3.03-.3 4.38-.84l.42.42L19.73 22 21 20.73 3.27 3 2 4.27zM7.53 9.8l1.55 1.55c-.05.21-.08.43-.08.65 0 1.66 1.34 3 3 3 .22 0 .44-.03.65-.08l1.55 1.55c-.67.33-1.41.53-2.2.53-2.76 0-5-2.24-5-5 0-.79.2-1.53.53-2.2zm4.31-.78l3.15 3.15.02-.16c0-1.66-1.34-3-3-3l-.17.01z"
              />
            </g>
          </svg>
          <svg
            aria-hidden="true"
            class="MuiSvgIcon-root-33 ToggleIcon-onIcon-32"
            focusable="false"
            style="-webkit-clip-path:polygon(100% 100%, 100% 100%, 100% 100%);clip-path:polygon(100% 100%, 100% 100%, 100% 100%);visibility:hidden"
            viewBox="0 0 24 24"
          >
            <g>
              <path
                d="M12 4.5C7 4.5 2.73 7.61 1 12c1.73 4.39 6 7.5 11 7.5s9.27-3.11 11-7.5c-1.73-4.39-6-7.5-11-7.5zM12 17c-2.76 0-5-2.24-5-5s2.24-5 5-5 5 2.24 5 5-2.24 5-5 5zm0-8c-1.66 0-3 1.34-3 3s1.34 3 3 3 3-1.34 3-3-1.34-3-3-3z"
              />
            </g>
          </svg>
        </div>
      </span>
      <span
        class="MuiTouchRipple-root-39"
      />
    </button>
  </div>
</div>
`;
